// Jest Snapshot v1, https://goo.gl/fbAQLP

exports[`CarsListItemDescription Should match snapshot 1`] = `"<section style=\\"display:flex;flex-direction:column;justify-content:space-between\\"><h3>Fiat Talento</h3><p>Stock # 86987 - 102586 km - Petrol - white</p><a href=\\"#\\">View details</a></section>"`;
