// Jest Snapshot v1, https://goo.gl/fbAQLP

exports[`CarsListItem Should match snapshot 1`] = `"<article class=\\"sc-htpNat fkUnup\\"><img src=\\"http://localhost:3001/car.svg\\" style=\\"width:100px;height:80px;margin:12px\\"/><section class=\\"sc-bwzfXH deuhUd\\"><h3 style=\\"margin:0px;font-size:18px;font-weight:bold\\">Fiat Talento</h3><span style=\\"font-size:14px;font-weight:normal;margin:0px\\">Stock # 86987 - 102586 km - Petrol - white</span><span style=\\"font-size:14px;font-weight:normal;margin:0px\\"><a class=\\"sc-bdVaJa eBhWSy\\">View details</a></span></section></article>"`;
