// Jest Snapshot v1, https://goo.gl/fbAQLP

exports[`CarsList Should match snapshot 1`] = `"<div style=\\"display:flex;flex-direction:column\\"><article style=\\"border:1px solid #EDEDED;display:flex;flex-direction:row;margin:8px 0px\\"><img src=\\"http://localhost:3001/car.svg\\" style=\\"width:100px;height:80px;margin:12px\\"/><section style=\\"display:flex;flex-direction:column;justify-content:space-between;font-size:14px;margin:12px\\"><h3 style=\\"margin:0px;font-size:18px;font-weight:bold\\">Fiat Talento</h3><span style=\\"font-size:12px;font-weight:normal;margin:0px\\">Stock # 86987 - 102586 km - Petrol - white</span><span style=\\"font-size:12px;font-weight:normal;margin:0px\\"><a style=\\"color:#EA7F28\\">View details</a></span></section></article></div>"`;
