// Jest Snapshot v1, https://goo.gl/fbAQLP

exports[`CarsListItem Should match snapshot 1`] = `"<article style=\\"border:1px solid #EDEDED;display:flex;flex-direction:row\\"><img src=\\"http://localhost:3001/car.svg\\" style=\\"width:40px;height:30px\\"/><section style=\\"display:flex;flex-direction:column;justify-content:space-between\\"><h3>Fiat Talento</h3><p>Stock # 86987 - 102586 km - Petrol - white</p><a href=\\"#\\">View details</a></section></article>"`;
