// Jest Snapshot v1, https://goo.gl/fbAQLP

exports[`CarsList Should match snapshot 1`] = `"<div style=\\"display:flex;flex-direction:column\\"><article class=\\"sc-ifAKCX drlLNz\\"><img src=\\"http://localhost:3001/car.svg\\" class=\\"sc-bxivhb gAVzwl\\"/><section class=\\"sc-htpNat bKaDPV\\"><h3 style=\\"margin:0px;font-size:18px;font-weight:bold\\">Fiat Talento</h3><span class=\\"sc-bdVaJa bkmfbd\\">Stock # 86987 - 102586 km - Petrol - white</span><span class=\\"sc-bdVaJa bkmfbd\\"><a class=\\"sc-bwzfXH hwFHNm\\">View details</a></span></section></article></div>"`;
