// Jest Snapshot v1, https://goo.gl/fbAQLP

exports[`CarsList Should match snapshot 1`] = `"<div style=\\"display:flex;flex-direction:column\\"><article style=\\"border:1px solid #EDEDED;display:flex;flex-direction:row;margin:8px 0px\\"><img src=\\"http://localhost:3001/car.svg\\" style=\\"width:100px;height:80px;margin:12px\\"/><section style=\\"display:flex;flex-direction:column;justify-content:space-between;font-size:14px;margin:12px\\"><h3 style=\\"margin:0px\\">Fiat Talento</h3><p style=\\"margin:0px\\">Stock # 86987 - 102586 km - Petrol - white</p><a href=\\"#\\">View details</a></section></article></div>"`;
