// Jest Snapshot v1, https://goo.gl/fbAQLP

exports[`CarsListItemDescription Should match snapshot 1`] = `"<section style=\\"display:flex;flex-direction:column;justify-content:space-between;font-size:14px;margin:12px\\"><h3 style=\\"margin:0px;font-size:18px;font-weight:bold\\">Fiat Talento</h3><span style=\\"font-size:14px;font-weight:normal;margin:0px\\">Stock # 86987 - 102586 km - Petrol - white</span><span style=\\"font-size:14px;font-weight:normal;margin:0px\\"><a class=\\"sc-bdVaJa eBhWSy\\">View details</a></span></section>"`;
