// Jest Snapshot v1, https://goo.gl/fbAQLP

exports[`CarsListItemDescription Should match snapshot 1`] = `"<section style=\\"display:flex;flex-direction:column;justify-content:space-between;font-size:14px;margin:12px\\"><h3 style=\\"margin:0px\\">Fiat Talento</h3><p style=\\"margin:0px\\">Stock # 86987 - 102586 km - Petrol - white</p><a href=\\"#\\">View details</a></section>"`;
