// Jest Snapshot v1, https://goo.gl/fbAQLP

exports[`Footer Should match snapshot 1`] = `"<footer style=\\"display:flex;flex-direction:row;justify-content:center;height:80px;border-top:1px solid #EDEDED;border-bottom:1px solid #EDEDED\\"><div style=\\"display:flex;flex-direction:column;justify-content:center\\"><p>© AUTO1 Group 2018</p></div></footer>"`;
