// Jest Snapshot v1, https://goo.gl/fbAQLP

exports[`Navbar Should match snapshot 1`] = `"<header><nav class=\\"sc-bxivhb dmZHkr\\"><div class=\\"sc-bdVaJa NFzwl\\"><img src=\\"logo.png\\" alt=\\"Auto1\\" class=\\"sc-bwzfXH foBZsz\\"/></div><ul style=\\"display:flex;flex-direction:row;list-style-type:none\\"><li class=\\"sc-htpNat GPZzw\\">Purchase</li><li class=\\"sc-htpNat GPZzw\\">My Orders</li><li class=\\"sc-htpNat GPZzw\\">Sell</li></ul></nav></header>"`;
