// Jest Snapshot v1, https://goo.gl/fbAQLP

exports[`Navbar Should match snapshot 1`] = `"<header><nav class=\\"sc-bdVaJa oLVCS\\"><div style=\\"display:flex;justify-content:center\\"><img src=\\"logo.png\\" alt=\\"Auto1\\" style=\\"max-height:30px;margin:24px 0px\\"/></div><ul style=\\"display:flex;flex-direction:row;list-style-type:none\\"><li style=\\"float:right;padding:12px\\">Purchase</li><li style=\\"float:right;padding:12px\\">My Orders</li><li style=\\"float:right;padding:12px\\">Sell</li></ul></nav></header>"`;
