// Jest Snapshot v1, https://goo.gl/fbAQLP

exports[`Navbar Should match snapshot 1`] = `"<header><nav class=\\"sc-ifAKCX cZmXwS\\"><div class=\\"sc-bdVaJa NFzwl\\"><img src=\\"logo.png\\" alt=\\"Auto1\\" class=\\"sc-bwzfXH foBZsz\\"/></div><ul class=\\"sc-htpNat dUBBzr\\"><li class=\\"sc-bxivhb isUEdk\\">Purchase</li><li class=\\"sc-bxivhb isUEdk\\">My Orders</li><li class=\\"sc-bxivhb isUEdk\\">Sell</li></ul></nav></header>"`;
