// Jest Snapshot v1, https://goo.gl/fbAQLP

exports[`NotFoundMessage Should match snapshot 1`] = `"<div style=\\"display:flex;justify-content:center;text-align:center;flex-direction:column\\"><div class=\\"sc-bdVaJa NFzwl\\"><img src=\\"logo.png\\" alt=\\"Auto1\\" class=\\"sc-bwzfXH foBZsz\\"/></div><h1 class=\\"sc-htpNat cCKGVF\\">404 - Not Found</h1><h3 style=\\"margin-bottom:24px;margin-top:24px\\" class=\\"sc-bxivhb dczEJX\\">Sorry, the page you are looking for does not exist.</h3><h3 class=\\"sc-bxivhb dczEJX\\">You can always go back to the <a class=\\"sc-ifAKCX gaKNvg\\">homepage</a>.</h3></div>"`;
