// Jest Snapshot v1, https://goo.gl/fbAQLP

exports[`NotFoundMessage Should match snapshot 1`] = `"<div style=\\"display:flex;justify-content:center;text-align:center;flex-direction:column\\"><div style=\\"display:flex;justify-content:center\\"><img src=\\"logo.png\\" alt=\\"Auto1\\" style=\\"max-height:30px;margin:24px 0px\\"/></div><h1 style=\\"margin:0px;font-size:32px;font-weight:bold\\">404 - Not Found</h1><h3 style=\\"margin:0px;font-size:18px;font-weight:normal;margin-bottom:24px;margin-top:24px\\">Sorry, the page you are looking for does not exist.</h3><h3 style=\\"margin:0px;font-size:18px;font-weight:normal\\">You can always go back to the <a style=\\"color:#EA7F28\\">homepage</a>.</h3></div>"`;
