// Jest Snapshot v1, https://goo.gl/fbAQLP

exports[`PaginationNav Should match snapshot 1`] = `"<nav class=\\"sc-htpNat cZatAP\\"><span class=\\"sc-bdVaJa bkmfbd\\"><a class=\\"sc-bwzfXH sc-bxivhb hyEKhL\\">First</a><a class=\\"sc-bwzfXH sc-bxivhb hyEKhL\\">Previous</a><span style=\\"margin:0px 12px\\">Page 1 of 1</span><a class=\\"sc-bwzfXH sc-bxivhb hyEKhL\\">Next</a><a class=\\"sc-bwzfXH sc-bxivhb hyEKhL\\">Last</a></span></nav>"`;
